NovaSeq SampleSheet Generator Log
Generated: 2026-10-01 13:31:26.910700


WARNING:
Output file already exists:
  test.csv

Overwriting existing file.


####################
Errors/Warnings/Info
####################

INFO: Using fully manual index assignment.
INFO: Runname set to XResXX
INFO: Read cycles set to 151
INFO: Index cycles set to 10
INFO: SoftwareVersion set to 4.32.12
INFO: Total sample-lane combinations: 16
INFO: Unique samples: 16
INFO: SampleSheet created successfully.
